[debug] [2025-03-06T15:01:16.486Z] ----------------------------------------------------------------------
[debug] [2025-03-06T15:01:16.487Z] Command:       /opt/homebrew/Cellar/node@20/20.18.2/bin/node /opt/homebrew/bin/firebase deploy --only functions
[debug] [2025-03-06T15:01:16.488Z] CLI Version:   13.29.1
[debug] [2025-03-06T15:01:16.488Z] Platform:      darwin
[debug] [2025-03-06T15:01:16.488Z] Node Version:  v20.18.2
[debug] [2025-03-06T15:01:16.488Z] Time:          Thu Mar 06 2025 20:01:16 GMT+0500 (Pakistan Standard Time)
[debug] [2025-03-06T15:01:16.488Z] ----------------------------------------------------------------------
[debug] 
[debug] [2025-03-06T15:01:16.529Z] Object "" in "firebase.json" has unknown property: {"additionalProperty":"react-native"}
[debug] [2026-02-19T12:36:58.922Z] ----------------------------------------------------------------------
[debug] [2026-02-19T12:36:58.924Z] Command:       /opt/homebrew/Cellar/node@20/20.19.4/bin/node /opt/homebrew/bin/firebase database:profile
[debug] [2026-02-19T12:36:58.924Z] CLI Version:   13.29.1
[debug] [2026-02-19T12:36:58.924Z] Platform:      darwin
[debug] [2026-02-19T12:36:58.924Z] Node Version:  v20.19.4
[debug] [2026-02-19T12:36:58.925Z] Time:          Thu Feb 19 2026 17:36:58 GMT+0500 (Pakistan Standard Time)
[debug] [2026-02-19T12:36:58.925Z] ----------------------------------------------------------------------
[debug] 
[debug] [2026-02-19T12:36:58.926Z] >>> [apiv2][query] GET https://firebase-public.firebaseio.com/cli.json [none]
[debug] [2026-02-19T12:36:58.979Z] Object "" in "firebase.json" has unknown property: {"additionalProperty":"react-native"}
[debug] [2026-02-19T12:36:58.981Z] Checked if tokens are valid: false, expires at: 1771412413910
[debug] [2026-02-19T12:36:58.981Z] Checked if tokens are valid: false, expires at: 1771412413910
[debug] [2026-02-19T12:36:58.981Z] > refreshing access token with scopes: []
[debug] [2026-02-19T12:36:58.982Z] >>> [apiv2][query] POST https://www.googleapis.com/oauth2/v3/token [none]
[debug] [2026-02-19T12:36:58.982Z] >>> [apiv2][body] POST https://www.googleapis.com/oauth2/v3/token [omitted]
[debug] [2026-02-19T12:36:59.426Z] <<< [apiv2][status] POST https://www.googleapis.com/oauth2/v3/token 200
[debug] [2026-02-19T12:36:59.426Z] <<< [apiv2][body] POST https://www.googleapis.com/oauth2/v3/token [omitted]
[debug] [2026-02-19T12:36:59.438Z] >>> [apiv2][query] GET https://firebase.googleapis.com/v1beta1/projects/undefined [none]
[debug] [2026-02-19T12:36:59.676Z] <<< [apiv2][status] GET https://firebase-public.firebaseio.com/cli.json 200
[debug] [2026-02-19T12:36:59.676Z] <<< [apiv2][body] GET https://firebase-public.firebaseio.com/cli.json {"cloudBuildErrorAfter":1594252800000,"cloudBuildWarnAfter":1590019200000,"defaultNode10After":1594252800000,"minVersion":"3.0.5","node8DeploysDisabledAfter":1613390400000,"node8RuntimeDisabledAfter":1615809600000,"node8WarnAfter":1600128000000}
